// Jest Snapshot v1, https://goo.gl/fbAQLP

exports[`Countries snapshot renders correctly 1`] = `
<div>
  <header
    className="navbar bg-secondary"
  >
    <ul
      className="flex justify-between container"
    >
      <li>
        <a
          aria-current="page"
          className="active"
          href="/"
          onClick={[Function]}
        >
          <svg
            aria-hidden="true"
            className="svg-inline--fa fa-angle-left "
            data-icon="angle-left"
            data-prefix="fas"
            focusable="false"
            role="img"
            style={Object {}}
            viewBox="0 0 256 512"
            xmlns="http://www.w3.org/2000/svg"
          >
            <path
              d="M192 448c-8.188 0-16.38-3.125-22.62-9.375l-160-160c-12.5-12.5-12.5-32.75 0-45.25l160-160c12.5-12.5 32.75-12.5 45.25 0s12.5 32.75 0 45.25L77.25 256l137.4 137.4c12.5 12.5 12.5 32.75 0 45.25C208.4 444.9 200.2 448 192 448z"
              fill="currentColor"
              style={Object {}}
            />
          </svg>
        </a>
      </li>
      <li>
        <a
          aria-current="page"
          className="active"
          href="/"
          onClick={[Function]}
        >
          Covid-19 Tracker
        </a>
      </li>
      <li>
        <i
          className="fa-solid fa-microphone"
        />
        <i
          className="fa-solid fa-gear"
        />
      </li>
    </ul>
  </header>
  <div>
    <div
      className="flex justify-evenly header-countries container"
    >
      <img
        alt=""
        className="world"
        src="https://simplemaps.com/static/demos/resources/svg-library/svgs/world.svg"
      />
      <h1
        className="title"
      >
        WORLD
      </h1>
    </div>
    <div
      className="bg-secondary"
    >
      <div
        className="flex container stats justify-between"
      >
        <h5
          className="title-stats"
        >
          Stats by country
          2022-03-10
        </h5>
        <input
          className="search-input"
          id="search"
          name="search"
          onChange={[Function]}
          placeholder="Search Countries"
          type="text"
          value=""
        />
      </div>
    </div>
    <ul
      className="ul-grid container"
    />
  </div>
</div>
`;
